exports[`StatusPane renders correctly on error 1`] = `
<div
  className="status-pane status-pane--active">
  ğŸ‘º Error! There is a conflict.
</div>
`;

exports[`StatusPane renders correctly on game over 1`] = `
<div
  className="status-pane status-pane--active">
  ğŸ‘¾ Congratulations!
</div>
`;
