exports[`Spinner renders correctly when loading 1`] = `
<div
  className="spinner spinner--active">
  Loadingâ€¦
</div>
`;
